INFO: Application started
WARNING: Low memory
INFO: User logged in
ERROR: Database connection failed
WARNING: Slow response
ERROR: Request failed
